17:33:46 **** Incremental Build of configuration Debug for project Telemetry_v2 ****
Info: Internal Builder is used for build
arm-atollic-eabi-gcc -c -mthumb -mcpu=cortex-m4 -mfloat-abi=hard -mfpu=fpv4-sp-d16 -std=gnu11 -D__weak=__attribute__((weak)) -D__packed=__attribute__((__packed__)) -DUSE_HAL_DRIVER -DSTM32F429xx -I../Inc -I../Drivers/STM32F4xx_HAL_Driver/Inc -I../Drivers/STM32F4xx_HAL_Driver/Inc/Legacy -I../Drivers/CMSIS/Device/ST/STM32F4xx/Include -I../Drivers/CMSIS/Include -O0 -g -fstack-usage -Wall -specs=nano.specs -o Src\main.o ..\Src\main.c 
..\Src\main.c: In function 'HAL_UART_RxCpltCallback':
..\Src\main.c:104:4: warning: implicit declaration of function 'vypis' [-Wimplicit-function-declaration]
    vypis(hcRxChar);
    ^~~~~
..\Src\main.c: At top level:
..\Src\main.c:143:6: warning: conflicting types for 'vypis'
 void vypis(char str[]) {
      ^~~~~
..\Src\main.c:104:4: note: previous implicit declaration of 'vypis' was here
    vypis(hcRxChar);
    ^~~~~
..\Src\main.c: In function 'vypis':
..\Src\main.c:146:45: warning: implicit declaration of function 'strlen' [-Wimplicit-function-declaration]
  HAL_UART_Transmit(&huart2, (uint8_t*) str, strlen(str), 100);
                                             ^~~~~~
..\Src\main.c:146:45: warning: incompatible implicit declaration of built-in function 'strlen'
..\Src\main.c:146:45: note: include '<string.h>' or provide a declaration of 'strlen'
..\Src\main.c: In function 'main':
..\Src\main.c:245:33: warning: pointer targets in passing argument 2 of 'HAL_UART_Transmit_IT' differ in signedness [-Wpointer-sign]
   HAL_UART_Transmit_IT(&huart8, "zakladna\n", 9);
                                 ^~~~~~~~~~~~
In file included from ../Inc/stm32f4xx_hal_conf.h:368:0,
                 from ../Drivers/STM32F4xx_HAL_Driver/Inc/stm32f4xx_hal.h:46,
                 from ..\Src\main.c:40:
../Drivers/STM32F4xx_HAL_Driver/Inc/stm32f4xx_hal_uart.h:647:19: note: expected 'uint8_t * {aka unsigned char *}' but argument is of type 'char *'
 HAL_StatusTypeDef HAL_UART_Transmit_IT(UART_HandleTypeDef *huart, uint8_t *pData, uint16_t Size);
                   ^~~~~~~~~~~~~~~~~~~~
At top level:
..\Src\main.c:329:13: warning: 'MX_CAN1_Init' defined but not used [-Wunused-function]
 static void MX_CAN1_Init(void) {
             ^~~~~~~~~~~~
arm-atollic-eabi-gcc -o Telemetry_v2.elf Drivers\STM32F4xx_HAL_Driver\Src\stm32f4xx_hal.o Drivers\STM32F4xx_HAL_Driver\Src\stm32f4xx_hal_can.o Drivers\STM32F4xx_HAL_Driver\Src\stm32f4xx_hal_cortex.o Drivers\STM32F4xx_HAL_Driver\Src\stm32f4xx_hal_dma.o Drivers\STM32F4xx_HAL_Driver\Src\stm32f4xx_hal_dma_ex.o Drivers\STM32F4xx_HAL_Driver\Src\stm32f4xx_hal_flash.o Drivers\STM32F4xx_HAL_Driver\Src\stm32f4xx_hal_flash_ex.o Drivers\STM32F4xx_HAL_Driver\Src\stm32f4xx_hal_flash_ramfunc.o Drivers\STM32F4xx_HAL_Driver\Src\stm32f4xx_hal_gpio.o Drivers\STM32F4xx_HAL_Driver\Src\stm32f4xx_hal_i2c.o Drivers\STM32F4xx_HAL_Driver\Src\stm32f4xx_hal_i2c_ex.o Drivers\STM32F4xx_HAL_Driver\Src\stm32f4xx_hal_pwr.o Drivers\STM32F4xx_HAL_Driver\Src\stm32f4xx_hal_pwr_ex.o Drivers\STM32F4xx_HAL_Driver\Src\stm32f4xx_hal_rcc.o Drivers\STM32F4xx_HAL_Driver\Src\stm32f4xx_hal_rcc_ex.o Drivers\STM32F4xx_HAL_Driver\Src\stm32f4xx_hal_spi.o Drivers\STM32F4xx_HAL_Driver\Src\stm32f4xx_hal_tim.o Drivers\STM32F4xx_HAL_Driver\Src\stm32f4xx_hal_tim_ex.o Drivers\STM32F4xx_HAL_Driver\Src\stm32f4xx_hal_uart.o Src\main.o Src\stm32f4xx_hal_msp.o Src\stm32f4xx_it.o Src\syscalls.o Src\system_stm32f4xx.o startup\startup_stm32f429xx.o -mthumb -mcpu=cortex-m4 -mfloat-abi=hard -mfpu=fpv4-sp-d16 -T../STM32F429VI_FLASH.ld -specs=nosys.specs -static -Wl,-Map=Telemetry_v2.map -Wl,--gc-sections -Wl,--defsym=malloc_getpagesize_P=0x80 -Wl,--start-group -lc -lm -Wl,--end-group -specs=nano.specs 
C:\Program Files (x86)\Atollic\TrueSTUDIO for STM32 9.0.1\ide\jre\bin\java -jar C:\Program Files (x86)\Atollic\TrueSTUDIO for STM32 9.0.1\Tools\arm-atollic-reports.jar sizeinfo list Telemetry_v2.elf 
Generate build reports...
Print size information
   text	   data	    bss	    dec	    hex	filename
  57904	     20	   3120	  61044	   ee74	Telemetry_v2.elf
Print size information done
Generate listing file
Output sent to: Telemetry_v2.list
Generate listing file done
Generate build reports done

17:33:47 Build Finished (took 1s.509ms)

